// Jest Snapshot v1, https://goo.gl/fbAQLP

exports[`Return single expense to edit 1`] = `
<div>
  <Link
    replace={false}
    to="/edit/1"
  >
    <h3>
      A
    </h3>
  </Link>
  <p>
    $5.00
    -
    December 31st, 1969
  </p>
</div>
`;
